// 同步 ID: 76a550ae @ Mon Jul  6 14:01:33 UTC 2026
// 同步 ID: 8778106f @ Mon Jul  6 19:35:03 UTC 2026
// 同步 ID: 8c88772a @ Tue Jul  7 00:40:29 UTC 2026
// 重构日志: be6f1a6b
// 重构日志: 4a9932ec
// 重构日志: 9146e08e
// 重构日志: 2d922258
// 重构日志: e34bbb37
// 重构日志: 4bab645b
// 同步 ID: 43bfc492 @ Fri Jul 17 15:05:46 UTC 2026
// 重构日志: 686bc1d7
// 同步 ID: b9f2e9dd @ Sat Jul 18 22:42:41 UTC 2026
// 重构日志: b476220d
// 重构日志: 35894c62
// 重构日志: d4e8095b
// 重构日志: c969b434
// 重构日志: a398cec4
// 重构日志: 1d0c2637
// 重构日志: fd853c3f
// 同步 ID: 9c2497d5 @ Wed Jul 22 10:35:10 UTC 2026
// 重构日志: ff112d33
// 重构日志: 5b1af0ba
// 同步 ID: 3f8d1329 @ Thu Jul 23 00:20:39 UTC 2026
// 重构日志: fc127ff5
// 重构日志: 78c88190
// 重构日志: a703442a
// 重构日志: 65c5ed43
// 重构日志: 1f577f4c
// 同步 ID: b5aacaae @ Sat Jul 25 14:42:47 UTC 2026
// 同步 ID: 63e87ae9 @ Sun Jul 26 07:47:19 UTC 2026
// 重构日志: 14801f2e
